
 /----------------------------------------------------------------------------\
 |  yosys -- Yosys Open SYnthesis Suite                                       |
 |  Copyright (C) 2012 - 2025  Claire Xenia Wolf <claire@yosyshq.com>         |
 |  Distributed under an ISC-like license, type "license" to see terms        |
 \----------------------------------------------------------------------------/
 Yosys 0.52 (git sha1 fee39a3284c90249e1d9684cf6944ffbbcbb8f90)

-- Executing script file `design_smt2.ys' --

1. Executing RTLIL frontend.
Input filename: design_prep.il

2. Executing HIERARCHY pass (managing design hierarchy).
Attribute `top' found on module `pc_properties'. Setting top module to pc_properties.

2.1. Analyzing design hierarchy..
Top module:  \pc_properties
Used module:     \pc

2.2. Analyzing design hierarchy..
Top module:  \pc_properties
Used module:     \pc
Removed 0 unused modules.
Module pc_properties directly or indirectly contains formal properties -> setting "keep" attribute.

3. Executing FORMALFF pass.

4. Executing DFFUNMAP pass (unmap clock enable and synchronous reset from FFs).

5. Printing statistics.

=== pc_properties ===

   Number of wires:                 27
   Number of wire bits:            120
   Number of public wires:           7
   Number of public wire bits:     100
   Number of ports:                  3
   Number of port bits:             34
   Number of memories:               0
   Number of memory bits:            0
   Number of processes:              0
   Number of cells:                 29
     $anyinit                        2
     $assert                         3
     $assume                         2
     $eq                             1
     $ff                             7
     $logic_and                      3
     $logic_not                      6
     $mux                            3
     $not                            1
     pc                              1

=== pc ===

   Number of wires:                  7
   Number of wire bits:            131
   Number of public wires:           5
   Number of public wire bits:      98
   Number of ports:                  4
   Number of port bits:             66
   Number of memories:               0
   Number of memory bits:            0
   Number of processes:              0
   Number of cells:                  5
     $anyinit                        1
     $assume                         1
     $mux                            2
     $not                            1

=== design hierarchy ===

   pc_properties                     1
     pc                              1

   Number of wires:                 34
   Number of wire bits:            251
   Number of public wires:          12
   Number of public wire bits:     198
   Number of ports:                  7
   Number of port bits:            100
   Number of memories:               0
   Number of memory bits:            0
   Number of processes:              0
   Number of cells:                 33
     $anyinit                        3
     $assert                         3
     $assume                         3
     $eq                             1
     $ff                             7
     $logic_and                      3
     $logic_not                      6
     $mux                            5
     $not                            2

6. Executing SMT2 backend.

6.1. Executing BMUXMAP pass.

6.2. Executing DEMUXMAP pass.
Creating SMT-LIBv2 representation of module pc.
Creating SMT-LIBv2 representation of module pc_properties.

End of script. Logfile hash: af76b44245, CPU: user 0.00s system 0.01s, MEM: 17.11 MB peak
Yosys 0.52 (git sha1 fee39a3284c90249e1d9684cf6944ffbbcbb8f90)
Time spent: 73% 2x write_smt2 (0 sec), 11% 2x read_rtlil (0 sec), ...
