
 /----------------------------------------------------------------------------\
 |  yosys -- Yosys Open SYnthesis Suite                                       |
 |  Copyright (C) 2012 - 2025  Claire Xenia Wolf <claire@yosyshq.com>         |
 |  Distributed under an ISC-like license, type "license" to see terms        |
 \----------------------------------------------------------------------------/
 Yosys 0.52 (git sha1 fee39a3284c90249e1d9684cf6944ffbbcbb8f90)

-- Executing script file `design_prep.ys' --

1. Executing RTLIL frontend.
Input filename: design.il

2. Executing SCC pass (detecting logic loops).
Found 0 SCCs in module pc_properties.
Found 0 SCCs in module pc.
Found 0 SCCs.

3. Executing SIMPLEMAP pass (map simple cells to gate primitives).

4. Executing MEMORY_NORDFF pass (extracting $dff cells from memories).

5. Executing ASYNC2SYNC pass.
Replacing pc.$procdff$35 ($adff): ARST=\reset, D=\next_pc, Q=\current_pc

6. Executing OPT_CLEAN pass (remove unused cells and wires).
Finding unused cells or wires in module \pc_properties..
Finding unused cells or wires in module \pc..
Removed 11 unused cells and 11 unused wires.
<suppressed ~12 debug messages>

7. Executing FORMALFF pass.

8. Executing OPT_CLEAN pass (remove unused cells and wires).
Finding unused cells or wires in module \pc..
Finding unused cells or wires in module \pc_properties..
Removed 2 unused cells and 2 unused wires.
<suppressed ~4 debug messages>

9. Executing CHECK pass (checking for obvious problems).
Checking module pc...
Checking module pc_properties...
Found and reported 0 problems.

10. Executing SETUNDEF pass (replace undef values with defined constants).

11. Executing OPT pass (performing simple optimizations).

11.1. Executing OPT_EXPR pass (perform const folding).
Optimizing module pc.
Optimizing module pc_properties.

11.2. Executing OPT_MERGE pass (detect identical cells).
Finding identical cells in module `\pc'.
Finding identical cells in module `\pc_properties'.
Removed a total of 0 cells.

11.3. Executing OPT_DFF pass (perform DFF optimizations).

11.4. Executing OPT_CLEAN pass (remove unused cells and wires).
Finding unused cells or wires in module \pc..
Finding unused cells or wires in module \pc_properties..

11.5. Finished fast OPT passes.

12. Executing OPT_CLEAN pass (remove unused cells and wires).
Finding unused cells or wires in module \pc..
Finding unused cells or wires in module \pc_properties..
Removed 0 unused cells and 1 unused wires.
<suppressed ~1 debug messages>

13. Executing RTLIL backend.
Output filename: ../model/design_prep.il

End of script. Logfile hash: ad61fb046d, CPU: user 0.01s system 0.01s, MEM: 17.10 MB peak
Yosys 0.52 (git sha1 fee39a3284c90249e1d9684cf6944ffbbcbb8f90)
Time spent: 36% 4x opt_clean (0 sec), 12% 1x opt_expr (0 sec), ...
